---
source: day_03/src/main.rs
expression: numbers
---
[
    Number {
        number: 467,
        start: 0,
        end: 2,
        row: 0,
    },
    Number {
        number: 114,
        start: 5,
        end: 7,
        row: 0,
    },
    Number {
        number: 35,
        start: 2,
        end: 3,
        row: 2,
    },
    Number {
        number: 633,
        start: 6,
        end: 8,
        row: 2,
    },
    Number {
        number: 617,
        start: 0,
        end: 2,
        row: 4,
    },
    Number {
        number: 58,
        start: 7,
        end: 8,
        row: 5,
    },
    Number {
        number: 592,
        start: 2,
        end: 4,
        row: 6,
    },
    Number {
        number: 755,
        start: 6,
        end: 8,
        row: 7,
    },
    Number {
        number: 664,
        start: 1,
        end: 3,
        row: 9,
    },
    Number {
        number: 598,
        start: 5,
        end: 7,
        row: 9,
    },
]
